[2026-03-12T19:50:31.351344+01:00] php.INFO: User Deprecated: Since symfony/validator 6.2: The "loose" mode is deprecated. It will be removed in 7.0 and the default mode will be changed to "html5". {"exception":"[object] (ErrorException(code: 0): User Deprecated: Since symfony/validator 6.2: The \"loose\" mode is deprecated. It will be removed in 7.0 and the default mode will be changed to \"html5\". at /var/www/html/vendor/symfony/validator/Constraints/Email.php:82)"} []
[2026-03-12T19:50:31.351526+01:00] php.INFO: User Deprecated: Since symfony/validator 6.2: The "loose" mode is deprecated. It will be removed in 7.0 and the default mode will be changed to "html5". {"exception":"[object] (ErrorException(code: 0): User Deprecated: Since symfony/validator 6.2: The \"loose\" mode is deprecated. It will be removed in 7.0 and the default mode will be changed to \"html5\". at /var/www/html/vendor/symfony/validator/Constraints/EmailValidator.php:48)"} []
[2026-03-12T19:50:41.272559+01:00] php.INFO: User Deprecated: Not configuring a schema manager factory is deprecated. Use Doctrine\DBAL\Schema\DefaultSchemaManagerFactory which is going to be the default in DBAL 4. (Connection.php:222 called by DriverManager.php:197, https://github.com/doctrine/dbal/issues/5812, package doctrine/dbal) {"exception":"[object] (ErrorException(code: 0): User Deprecated: Not configuring a schema manager factory is deprecated. Use Doctrine\\DBAL\\Schema\\DefaultSchemaManagerFactory which is going to be the default in DBAL 4. (Connection.php:222 called by DriverManager.php:197, https://github.com/doctrine/dbal/issues/5812, package doctrine/dbal) at /var/www/html/vendor/doctrine/deprecations/src/Deprecation.php:208)"} []
[2026-03-12T19:50:41.274408+01:00] php.INFO: User Deprecated: Since symfony/doctrine-bridge 6.3: The "Symfony\Bridge\Doctrine\SchemaListener\MessengerTransportDoctrineSchemaSubscriber" class is deprecated. Use "Symfony\Bridge\Doctrine\SchemaListener\MessengerTransportDoctrineSchemaListener" instead. {"exception":"[object] (ErrorException(code: 0): User Deprecated: Since symfony/doctrine-bridge 6.3: The \"Symfony\\Bridge\\Doctrine\\SchemaListener\\MessengerTransportDoctrineSchemaSubscriber\" class is deprecated. Use \"Symfony\\Bridge\\Doctrine\\SchemaListener\\MessengerTransportDoctrineSchemaListener\" instead. at /var/www/html/vendor/symfony/doctrine-bridge/SchemaListener/MessengerTransportDoctrineSchemaSubscriber.php:18)"} []
[2026-03-12T19:50:41.274516+01:00] php.INFO: User Deprecated: Since symfony/doctrine-bridge 6.3: Registering "Symfony\Bridge\Doctrine\SchemaListener\MessengerTransportDoctrineSchemaSubscriber" as a Doctrine subscriber is deprecated. Register it as a listener instead, using e.g. the #[AsDoctrineListener] or #[AsDocumentListener] attribute. {"exception":"[object] (ErrorException(code: 0): User Deprecated: Since symfony/doctrine-bridge 6.3: Registering \"Symfony\\Bridge\\Doctrine\\SchemaListener\\MessengerTransportDoctrineSchemaSubscriber\" as a Doctrine subscriber is deprecated. Register it as a listener instead, using e.g. the #[AsDoctrineListener] or #[AsDocumentListener] attribute. at /var/www/html/vendor/symfony/doctrine-bridge/ContainerAwareEventManager.php:211)"} []
[2026-03-12T19:50:41.274696+01:00] php.INFO: User Deprecated: Since symfony/doctrine-bridge 6.3: The "Symfony\Bridge\Doctrine\SchemaListener\DoctrineDbalCacheAdapterSchemaSubscriber" class is deprecated. Use "Symfony\Bridge\Doctrine\SchemaListener\DoctrineDbalCacheAdapterSchemaListener" instead. {"exception":"[object] (ErrorException(code: 0): User Deprecated: Since symfony/doctrine-bridge 6.3: The \"Symfony\\Bridge\\Doctrine\\SchemaListener\\DoctrineDbalCacheAdapterSchemaSubscriber\" class is deprecated. Use \"Symfony\\Bridge\\Doctrine\\SchemaListener\\DoctrineDbalCacheAdapterSchemaListener\" instead. at /var/www/html/vendor/symfony/doctrine-bridge/SchemaListener/DoctrineDbalCacheAdapterSchemaSubscriber.php:17)"} []
[2026-03-12T19:50:41.274741+01:00] php.INFO: User Deprecated: Since symfony/doctrine-bridge 6.3: Registering "Symfony\Bridge\Doctrine\SchemaListener\DoctrineDbalCacheAdapterSchemaSubscriber" as a Doctrine subscriber is deprecated. Register it as a listener instead, using e.g. the #[AsDoctrineListener] or #[AsDocumentListener] attribute. {"exception":"[object] (ErrorException(code: 0): User Deprecated: Since symfony/doctrine-bridge 6.3: Registering \"Symfony\\Bridge\\Doctrine\\SchemaListener\\DoctrineDbalCacheAdapterSchemaSubscriber\" as a Doctrine subscriber is deprecated. Register it as a listener instead, using e.g. the #[AsDoctrineListener] or #[AsDocumentListener] attribute. at /var/www/html/vendor/symfony/doctrine-bridge/ContainerAwareEventManager.php:211)"} []
[2026-03-12T19:50:41.274893+01:00] php.INFO: User Deprecated: Since symfony/doctrine-bridge 6.3: The "Symfony\Bridge\Doctrine\SchemaListener\RememberMeTokenProviderDoctrineSchemaSubscriber" class is deprecated. Use "Symfony\Bridge\Doctrine\SchemaListener\RememberMeTokenProviderDoctrineSchemaListener" instead. {"exception":"[object] (ErrorException(code: 0): User Deprecated: Since symfony/doctrine-bridge 6.3: The \"Symfony\\Bridge\\Doctrine\\SchemaListener\\RememberMeTokenProviderDoctrineSchemaSubscriber\" class is deprecated. Use \"Symfony\\Bridge\\Doctrine\\SchemaListener\\RememberMeTokenProviderDoctrineSchemaListener\" instead. at /var/www/html/vendor/symfony/doctrine-bridge/SchemaListener/RememberMeTokenProviderDoctrineSchemaSubscriber.php:18)"} []
[2026-03-12T19:50:41.274936+01:00] php.INFO: User Deprecated: Since symfony/doctrine-bridge 6.3: Registering "Symfony\Bridge\Doctrine\SchemaListener\RememberMeTokenProviderDoctrineSchemaSubscriber" as a Doctrine subscriber is deprecated. Register it as a listener instead, using e.g. the #[AsDoctrineListener] or #[AsDocumentListener] attribute. {"exception":"[object] (ErrorException(code: 0): User Deprecated: Since symfony/doctrine-bridge 6.3: Registering \"Symfony\\Bridge\\Doctrine\\SchemaListener\\RememberMeTokenProviderDoctrineSchemaSubscriber\" as a Doctrine subscriber is deprecated. Register it as a listener instead, using e.g. the #[AsDoctrineListener] or #[AsDocumentListener] attribute. at /var/www/html/vendor/symfony/doctrine-bridge/ContainerAwareEventManager.php:211)"} []
[2026-03-12T19:50:41.275473+01:00] php.INFO: User Deprecated: Since symfony/framework-bundle 6.4: The "annotations.cached_reader" service is deprecated without replacement. {"exception":"[object] (ErrorException(code: 0): User Deprecated: Since symfony/framework-bundle 6.4: The \"annotations.cached_reader\" service is deprecated without replacement. at /var/www/html/var/cache/prod/admin/ContainerAx2RgSt/getAnnotations_CachedReaderService.php:23)"} []
[2026-03-12T19:50:41.275616+01:00] php.INFO: User Deprecated: Since symfony/framework-bundle 6.4: The "annotations.reader" service is deprecated without replacement. {"exception":"[object] (ErrorException(code: 0): User Deprecated: Since symfony/framework-bundle 6.4: The \"annotations.reader\" service is deprecated without replacement. at /var/www/html/var/cache/prod/admin/ContainerAx2RgSt/getAnnotations_ReaderService.php:23)"} []
[2026-03-12T19:50:41.275797+01:00] php.INFO: User Deprecated: Since symfony/framework-bundle 6.4: The "annotations.cache_adapter" service is deprecated without replacement. {"exception":"[object] (ErrorException(code: 0): User Deprecated: Since symfony/framework-bundle 6.4: The \"annotations.cache_adapter\" service is deprecated without replacement. at /var/www/html/var/cache/prod/admin/ContainerAx2RgSt/getAnnotations_CacheAdapterService.php:23)"} []
[2026-03-12T19:50:41.276020+01:00] php.INFO: User Deprecated: The annotation mapping driver is deprecated and will be removed in Doctrine ORM 3.0, please migrate to the attribute or XML driver. (AnnotationDriver.php:65 called by AdminKernelProdContainer.php:4484, https://github.com/doctrine/orm/issues/10098, package doctrine/orm) {"exception":"[object] (ErrorException(code: 0): User Deprecated: The annotation mapping driver is deprecated and will be removed in Doctrine ORM 3.0, please migrate to the attribute or XML driver. (AnnotationDriver.php:65 called by AdminKernelProdContainer.php:4484, https://github.com/doctrine/orm/issues/10098, package doctrine/orm) at /var/www/html/vendor/doctrine/deprecations/src/Deprecation.php:208)"} []
[2026-03-12T19:50:41.276048+01:00] php.INFO: User Deprecated: In ORM 3.0, the AttributeDriver will report fields for the classes where they are declared. This may uncover invalid mapping configurations. To opt into the new mode also with the AnnotationDriver today, set the "reportFieldsWhereDeclared" constructor parameter to true. (AnnotationDriver.php:75 called by AdminKernelProdContainer.php:4484, https://github.com/doctrine/orm/pull/10455, package doctrine/orm) {"exception":"[object] (ErrorException(code: 0): User Deprecated: In ORM 3.0, the AttributeDriver will report fields for the classes where they are declared. This may uncover invalid mapping configurations. To opt into the new mode also with the AnnotationDriver today, set the \"reportFieldsWhereDeclared\" constructor parameter to true. (AnnotationDriver.php:75 called by AdminKernelProdContainer.php:4484, https://github.com/doctrine/orm/pull/10455, package doctrine/orm) at /var/www/html/vendor/doctrine/deprecations/src/Deprecation.php:208)"} []
[2026-03-12T19:50:41.276286+01:00] php.INFO: User Deprecated: Doctrine\ORM\EntityManager::create() is deprecated. To bootstrap a DBAL connection, call Doctrine\DBAL\DriverManager::getConnection() instead. Use the constructor to create an instance of Doctrine\ORM\EntityManager. (EntityManager.php:995 called by AdminKernelProdContainer.php:2874, https://github.com/doctrine/orm/pull/9961, package doctrine/orm) {"exception":"[object] (ErrorException(code: 0): User Deprecated: Doctrine\\ORM\\EntityManager::create() is deprecated. To bootstrap a DBAL connection, call Doctrine\\DBAL\\DriverManager::getConnection() instead. Use the constructor to create an instance of Doctrine\\ORM\\EntityManager. (EntityManager.php:995 called by AdminKernelProdContainer.php:2874, https://github.com/doctrine/orm/pull/9961, package doctrine/orm) at /var/www/html/vendor/doctrine/deprecations/src/Deprecation.php:208)"} []
[2026-03-12T19:50:41.276318+01:00] php.INFO: User Deprecated: Doctrine\DBAL\Connection::getEventManager is deprecated. (Connection.php:298 called by EntityManager.php:166, https://github.com/doctrine/dbal/issues/5784, package doctrine/dbal) {"exception":"[object] (ErrorException(code: 0): User Deprecated: Doctrine\\DBAL\\Connection::getEventManager is deprecated. (Connection.php:298 called by EntityManager.php:166, https://github.com/doctrine/dbal/issues/5784, package doctrine/dbal) at /var/www/html/vendor/doctrine/deprecations/src/Deprecation.php:208)"} []
[2026-03-12T19:50:41.276527+01:00] php.INFO: User Deprecated: Not enabling lazy ghost objects is deprecated and will not be supported in Doctrine ORM 3.0. Ensure Doctrine\ORM\Configuration::setLazyGhostObjectEnabled(true) is called to enable them. (ProxyFactory.php:166 called by EntityManager.php:177, https://github.com/doctrine/orm/pull/10837/, package doctrine/orm) {"exception":"[object] (ErrorException(code: 0): User Deprecated: Not enabling lazy ghost objects is deprecated and will not be supported in Doctrine ORM 3.0. Ensure Doctrine\\ORM\\Configuration::setLazyGhostObjectEnabled(true) is called to enable them. (ProxyFactory.php:166 called by EntityManager.php:177, https://github.com/doctrine/orm/pull/10837/, package doctrine/orm) at /var/www/html/vendor/doctrine/deprecations/src/Deprecation.php:208)"} []
[2026-03-12T19:50:49.228911+01:00] app.DEBUG: Protect vendor folder in module ps_supplierlist [] []
[2026-03-12T19:50:49.229670+01:00] app.DEBUG: Module ps_supplierlist has no vendor folder [] []
[2026-03-12T19:50:53.043055+01:00] app.DEBUG: Protect vendor folder in module statsnewsletter [] []
[2026-03-12T19:50:53.043336+01:00] app.DEBUG: Module statsnewsletter has no vendor folder [] []
[2026-03-12T19:50:55.761933+01:00] app.DEBUG: Protect vendor folder in module statscheckup [] []
[2026-03-12T19:50:55.762200+01:00] app.DEBUG: Module statscheckup has no vendor folder [] []
[2026-03-12T19:50:59.890454+01:00] app.DEBUG: Protect vendor folder in module gridhtml [] []
[2026-03-12T19:50:59.890675+01:00] app.DEBUG: Module gridhtml has no vendor folder [] []
[2026-03-12T19:51:03.222489+01:00] app.DEBUG: Protect vendor folder in module statsbestmanufacturers [] []
[2026-03-12T19:51:03.222681+01:00] app.DEBUG: Module statsbestmanufacturers has no vendor folder [] []
[2026-03-12T19:51:06.681735+01:00] app.DEBUG: Protect vendor folder in module statsstock [] []
[2026-03-12T19:51:06.682087+01:00] app.DEBUG: Module statsstock has no vendor folder [] []
[2026-03-12T19:51:09.829529+01:00] app.DEBUG: Protect vendor folder in module statspersonalinfos [] []
[2026-03-12T19:51:09.829807+01:00] app.DEBUG: Module statspersonalinfos has no vendor folder [] []
[2026-03-12T19:51:24.585745+01:00] app.DEBUG: Protect vendor folder in module dashgoals [] []
[2026-03-12T19:51:24.585981+01:00] app.DEBUG: Module dashgoals has no vendor folder [] []
[2026-03-12T19:51:25.246363+01:00] php.INFO: User Deprecated: Since PrestaShop\PrestaShop 9: The "prestashop.adapter.cache.clearer.symfony_cache_clearer" service alias is deprecated. You should stop using it, as it will be removed in the future. {"exception":"[object] (ErrorException(code: 0): User Deprecated: Since PrestaShop\\PrestaShop 9: The \"prestashop.adapter.cache.clearer.symfony_cache_clearer\" service alias is deprecated. You should stop using it, as it will be removed in the future. at /var/www/html/var/cache/prod/admin/ContainerAx2RgSt/AdminKernelProdContainer.php:5550)"} []
[2026-03-12T19:51:36.065697+01:00] app.DEBUG: Protect vendor folder in module ps_classic_edition [] []
[2026-03-12T19:51:45.680881+01:00] app.DEBUG: Protect vendor folder in module ps_wirepayment [] []
[2026-03-12T19:51:45.681155+01:00] app.DEBUG: Module ps_wirepayment has no vendor folder [] []
[2026-03-12T19:51:47.927469+01:00] php.INFO: User Deprecated: Since PrestaShop\PrestaShop 9: The "prestashop.adapter.cache.clearer.symfony_cache_clearer" service alias is deprecated. You should stop using it, as it will be removed in the future. {"exception":"[object] (ErrorException(code: 0): User Deprecated: Since PrestaShop\\PrestaShop 9: The \"prestashop.adapter.cache.clearer.symfony_cache_clearer\" service alias is deprecated. You should stop using it, as it will be removed in the future. at /var/www/html/var/cache/prod/admin/ContainerAx2RgSt/AdminKernelProdContainer.php:5550)"} []
[2026-03-12T19:52:18.162330+01:00] app.DEBUG: Protect vendor folder in module ps_mbo [] []
[2026-03-12T19:52:25.798169+01:00] app.DEBUG: Protect vendor folder in module ps_checkpayment [] []
[2026-03-12T19:52:25.798470+01:00] app.DEBUG: Module ps_checkpayment has no vendor folder [] []
[2026-03-12T19:52:25.928815+01:00] php.INFO: Deprecated: Creation of dynamic property Raven_TransactionStack::$stack is deprecated {"exception":"[object] (ErrorException(code: 0): Deprecated: Creation of dynamic property Raven_TransactionStack::$stack is deprecated at /var/www/html/modules/psxmarketingwithgoogle/vendor/sentry/sentry/lib/Raven/TransactionStack.php:15)"} []
[2026-03-12T19:52:25.932597+01:00] php.INFO: Deprecated: Constant E_STRICT is deprecated {"exception":"[object] (ErrorException(code: 0): Deprecated: Constant E_STRICT is deprecated at /var/www/html/modules/psxmarketingwithgoogle/vendor/sentry/sentry/lib/Raven/ErrorHandler.php:44)"} []
[2026-03-12T19:52:37.714386+01:00] app.DEBUG: Protect vendor folder in module psxmarketingwithgoogle [] []
[2026-03-12T19:52:41.488573+01:00] app.DEBUG: Protect vendor folder in module dashtrends [] []
[2026-03-12T19:52:41.488751+01:00] app.DEBUG: Module dashtrends has no vendor folder [] []
[2026-03-12T19:52:46.075626+01:00] app.DEBUG: Protect vendor folder in module statssearch [] []
[2026-03-12T19:52:46.075794+01:00] app.DEBUG: Module statssearch has no vendor folder [] []
[2026-03-12T19:52:48.927140+01:00] app.DEBUG: Protect vendor folder in module statscarrier [] []
[2026-03-12T19:52:48.927317+01:00] app.DEBUG: Module statscarrier has no vendor folder [] []
[2026-03-12T19:52:51.542422+01:00] app.DEBUG: Protect vendor folder in module statsproduct [] []
[2026-03-12T19:52:51.542704+01:00] app.DEBUG: Module statsproduct has no vendor folder [] []
[2026-03-12T19:52:54.561811+01:00] app.DEBUG: Protect vendor folder in module statsbestsuppliers [] []
[2026-03-12T19:52:54.561922+01:00] app.DEBUG: Module statsbestsuppliers has no vendor folder [] []
[2026-03-12T19:53:48.872318+01:00] app.DEBUG: Protect vendor folder in module ps_checkout [] []
[2026-03-12T19:53:57.622666+01:00] app.DEBUG: Protect vendor folder in module ps_distributionapiclient [] []
[2026-03-12T19:53:57.622795+01:00] app.DEBUG: Module ps_distributionapiclient has no vendor folder [] []
[2026-03-12T19:54:01.147018+01:00] app.DEBUG: Protect vendor folder in module graphnvd3 [] []
[2026-03-12T19:54:01.147131+01:00] app.DEBUG: Module graphnvd3 has no vendor folder [] []
[2026-03-12T19:54:04.531779+01:00] app.DEBUG: Protect vendor folder in module statsdata [] []
[2026-03-12T19:54:04.531914+01:00] app.DEBUG: Module statsdata has no vendor folder [] []
[2026-03-12T19:54:07.465267+01:00] app.DEBUG: Protect vendor folder in module statscatalog [] []
[2026-03-12T19:54:07.465379+01:00] app.DEBUG: Module statscatalog has no vendor folder [] []
[2026-03-12T19:54:09.035994+01:00] php.INFO: User Deprecated: Since PrestaShop\PrestaShop 9: The "prestashop.adapter.cache.clearer.symfony_cache_clearer" service alias is deprecated. You should stop using it, as it will be removed in the future. {"exception":"[object] (ErrorException(code: 0): User Deprecated: Since PrestaShop\\PrestaShop 9: The \"prestashop.adapter.cache.clearer.symfony_cache_clearer\" service alias is deprecated. You should stop using it, as it will be removed in the future. at /var/www/html/var/cache/prod/admin/ContainerAx2RgSt/AdminKernelProdContainer.php:5550)"} []
[2026-03-12T19:54:19.310838+01:00] app.DEBUG: Protect vendor folder in module psshipping [] []
[2026-03-12T19:54:26.106216+01:00] app.ERROR: Cannot register tab "PsshippingCarrierController" because it already exists [] []
[2026-03-12T19:54:26.326649+01:00] app.ERROR: Cannot register tab "PsshippingCarrierController" because it already exists [] []
[2026-03-12T19:54:26.567458+01:00] app.ERROR: Cannot register tab "PsshippingCarrierController" because it already exists [] []
[2026-03-12T19:54:29.071962+01:00] app.ERROR: Cannot register tab "PsshippingConfigurationController" because it already exists [] []
[2026-03-12T19:54:34.395672+01:00] app.ERROR: Cannot register tab "PsshippingOrdersController" because it already exists [] []
[2026-03-12T19:54:34.557168+01:00] app.ERROR: Cannot register tab "PsshippingOrdersController" because it already exists [] []
[2026-03-12T19:54:34.781688+01:00] app.ERROR: Cannot register tab "PsshippingOrdersController" because it already exists [] []
[2026-03-12T19:54:35.144669+01:00] app.ERROR: Cannot register tab "PsshippingConfigurationController" because it already exists [] []
[2026-03-12T19:54:35.387413+01:00] app.ERROR: Cannot register tab "PsshippingConfigurationController" because it already exists [] []
[2026-03-12T19:54:35.572240+01:00] app.ERROR: Cannot register tab "PsshippingConfigurationController" because it already exists [] []
[2026-03-12T19:54:35.826328+01:00] app.ERROR: Cannot register tab "PsshippingConfigurationController" because it already exists [] []
[2026-03-12T19:54:36.103974+01:00] app.ERROR: Cannot register tab "PsshippingConfigurationController" because it already exists [] []
[2026-03-12T19:54:36.283423+01:00] app.ERROR: Cannot register tab "PsshippingConfigurationController" because it already exists [] []
[2026-03-12T19:54:36.515561+01:00] app.ERROR: Cannot register tab "PsshippingConfigurationController" because it already exists [] []
[2026-03-12T19:54:36.811600+01:00] app.ERROR: Cannot register tab "PsshippingKeycloakAuthController" because it already exists [] []
[2026-03-12T19:54:49.858955+01:00] app.DEBUG: Protect vendor folder in module ps_emailalerts [] []
[2026-03-12T19:54:49.859273+01:00] app.DEBUG: Module ps_emailalerts has no vendor folder [] []
[2026-03-12T19:54:54.605516+01:00] app.DEBUG: Protect vendor folder in module ps_specials [] []
[2026-03-12T19:54:54.605688+01:00] app.DEBUG: Module ps_specials has no vendor folder [] []
[2026-03-12T19:54:58.085482+01:00] app.DEBUG: Protect vendor folder in module ps_viewedproduct [] []
[2026-03-12T19:54:58.085856+01:00] app.DEBUG: Module ps_viewedproduct has no vendor folder [] []
[2026-03-12T19:55:01.155981+01:00] app.DEBUG: Protect vendor folder in module statsbestcategories [] []
[2026-03-12T19:55:01.156145+01:00] app.DEBUG: Module statsbestcategories has no vendor folder [] []
[2026-03-12T19:55:05.550482+01:00] app.DEBUG: Protect vendor folder in module dashactivity [] []
[2026-03-12T19:55:05.550830+01:00] app.DEBUG: Module dashactivity has no vendor folder [] []
[2026-03-12T19:55:14.047261+01:00] app.DEBUG: Protect vendor folder in module blockreassurance [] []
[2026-03-12T19:55:14.047447+01:00] app.DEBUG: Module blockreassurance has no vendor folder [] []
[2026-03-12T19:55:28.380657+01:00] app.DEBUG: Protect vendor folder in module ps_googleanalytics [] []
[2026-03-12T19:55:28.380801+01:00] app.DEBUG: Module ps_googleanalytics has no vendor folder [] []
[2026-03-12T19:55:31.368430+01:00] app.DEBUG: Protect vendor folder in module statsbestvouchers [] []
[2026-03-12T19:55:31.368600+01:00] app.DEBUG: Module statsbestvouchers has no vendor folder [] []
[2026-03-12T19:56:06.516792+01:00] app.DEBUG: Protect vendor folder in module ps_eventbus [] []
[2026-03-12T19:56:13.206268+01:00] app.DEBUG: Protect vendor folder in module ps_faviconnotificationbo [] []
[2026-03-12T19:56:13.206729+01:00] app.DEBUG: Module ps_faviconnotificationbo has no vendor folder [] []
[2026-03-12T19:56:16.115545+01:00] app.DEBUG: Protect vendor folder in module statsbestcustomers [] []
[2026-03-12T19:56:16.115957+01:00] app.DEBUG: Module statsbestcustomers has no vendor folder [] []
[2026-03-12T19:56:19.670761+01:00] app.DEBUG: Protect vendor folder in module ps_crossselling [] []
[2026-03-12T19:56:19.671119+01:00] app.DEBUG: Module ps_crossselling has no vendor folder [] []
[2026-03-12T19:56:38.294726+01:00] app.DEBUG: Protect vendor folder in module ps_accounts [] []
[2026-03-12T19:56:53.248952+01:00] app.DEBUG: Protect vendor folder in module pagesnotfound [] []
[2026-03-12T19:56:53.249188+01:00] app.DEBUG: Module pagesnotfound has no vendor folder [] []
[2026-03-12T19:56:55.800259+01:00] app.DEBUG: Protect vendor folder in module ps_apiresources [] []
[2026-03-12T19:56:55.800444+01:00] app.DEBUG: Module ps_apiresources has no vendor folder [] []
[2026-03-12T19:56:58.540813+01:00] app.DEBUG: Protect vendor folder in module statsbestproducts [] []
[2026-03-12T19:56:58.541329+01:00] app.DEBUG: Module statsbestproducts has no vendor folder [] []
[2026-03-12T19:57:01.609262+01:00] app.DEBUG: Protect vendor folder in module statsregistrations [] []
[2026-03-12T19:57:01.609456+01:00] app.DEBUG: Module statsregistrations has no vendor folder [] []
[2026-03-12T19:57:11.879414+01:00] app.DEBUG: Protect vendor folder in module ps_themecusto [] []
[2026-03-12T19:57:11.879645+01:00] app.DEBUG: Module ps_themecusto has no vendor folder [] []
[2026-03-12T19:57:15.423251+01:00] app.DEBUG: Protect vendor folder in module ps_dataprivacy [] []
[2026-03-12T19:57:15.423508+01:00] app.DEBUG: Module ps_dataprivacy has no vendor folder [] []
[2026-03-12T19:57:19.072072+01:00] app.DEBUG: Protect vendor folder in module dashproducts [] []
[2026-03-12T19:57:19.072309+01:00] app.DEBUG: Module dashproducts has no vendor folder [] []
[2026-03-12T19:57:22.699975+01:00] app.DEBUG: Protect vendor folder in module ps_categoryproducts [] []
[2026-03-12T19:57:22.700470+01:00] app.DEBUG: Module ps_categoryproducts has no vendor folder [] []
[2026-03-12T19:57:28.495714+01:00] app.DEBUG: Protect vendor folder in module ps_cashondelivery [] []
[2026-03-12T19:57:28.495857+01:00] app.DEBUG: Module ps_cashondelivery has no vendor folder [] []
[2026-03-12T19:57:32.730534+01:00] app.DEBUG: Protect vendor folder in module ps_brandlist [] []
[2026-03-12T19:57:32.730919+01:00] app.DEBUG: Module ps_brandlist has no vendor folder [] []
[2026-03-12T19:57:35.641492+01:00] app.DEBUG: Protect vendor folder in module statssales [] []
[2026-03-12T19:57:35.641871+01:00] app.DEBUG: Module statssales has no vendor folder [] []
[2026-03-12T19:57:38.701811+01:00] app.DEBUG: Protect vendor folder in module statsforecast [] []
[2026-03-12T19:57:38.702006+01:00] app.DEBUG: Module statsforecast has no vendor folder [] []
[2026-03-12T19:57:45.001255+01:00] app.DEBUG: Protect vendor folder in module gsitemap [] []
[2026-03-12T19:57:45.001472+01:00] app.DEBUG: Module gsitemap has no vendor folder [] []
[2026-03-12T19:57:45.119452+01:00] php.INFO: Deprecated: Constant E_STRICT is deprecated {"exception":"[object] (ErrorException(code: 0): Deprecated: Constant E_STRICT is deprecated at /var/www/html/modules/ps_facebook/classes/Handler/ErrorHandler/ErrorHandler.php:60)"} []
[2026-03-12T19:57:45.119670+01:00] php.INFO: Deprecated: Creation of dynamic property Raven_TransactionStack::$stack is deprecated {"exception":"[object] (ErrorException(code: 0): Deprecated: Creation of dynamic property Raven_TransactionStack::$stack is deprecated at /var/www/html/modules/psxmarketingwithgoogle/vendor/sentry/sentry/lib/Raven/TransactionStack.php:15)"} []
[2026-03-12T19:57:59.221134+01:00] app.DEBUG: Protect vendor folder in module ps_facebook [] []
[2026-03-12T19:58:43.974047+01:00] app.INFO: ExecKernelCacheClearer: Successfully cleared cache for prod env admin [] []
[2026-03-12T19:59:06.617244+01:00] app.INFO: ExecKernelCacheClearer: Successfully warmed up cache for admin env prod [] []
[2026-03-12T19:59:06.770179+01:00] app.DEBUG: SymfonyCacheClearer: No symfony cache to clear for admin-api env prod [] []
[2026-03-12T19:59:06.770338+01:00] app.DEBUG: SymfonyCacheClearer: No symfony cache to clear for front env prod [] []
[2026-03-12T19:59:06.772183+01:00] app.DEBUG: SymfonyCacheClearer: No symfony cache to clear for admin env dev [] []
[2026-03-12T19:59:06.772295+01:00] app.DEBUG: SymfonyCacheClearer: No symfony cache to clear for admin-api env dev [] []
[2026-03-12T19:59:06.772342+01:00] app.DEBUG: SymfonyCacheClearer: No symfony cache to clear for front env dev [] []
